// Jest Snapshot v1, https://goo.gl/fbAQLP

exports[`Dropdown test 초기 렌더 스냅샷 테스트입니다. 1`] = `
<form>
  <div
    class="btn-group"
  >
    <div
      class="dropdown pf-c-dropdown hc-dropdown col-md-12"
    >
      <button
        aria-expanded="false"
        aria-haspopup="true"
        class="pf-c-dropdown__toggle hc-dropdown__button dropdown-btn"
        data-test-id="dropdown-button"
        type="button"
      >
        <span
          class="pf-c-dropdown__toggle-text"
        />
        <svg
          aria-hidden="true"
          class="pf-c-dropdown__toggle-icon"
          fill="currentColor"
          height="1em"
          role="img"
          style="vertical-align: -0.125em;"
          viewBox="0 0 320 512"
          width="1em"
        >
          <path
            d="M31.3 192h257.3c17.8 0 26.7 21.5 14.1 34.1L174.1 354.8c-7.8 7.8-20.5 7.8-28.3 0L17.2 226.1C4.6 213.5 13.5 192 31.3 192z"
            transform=""
          />
        </svg>
      </button>
    </div>
  </div>
  <button
    type="submit"
  >
    Submit
  </button>
</form>
`;
